EVA2_1_INTEGRIDAD_REFERENCIAL

MySQL Shell 8.0.38

Copyright (c) 2016, 2024, Oracle and/or its affiliates.
Oracle is a registered trademark of Oracle Corporation and/or its affiliates.
Other names may be trademarks of their respective owners.

Type '\help' or '\?' for help; '\quit' to exit.
 MySQL  JS > \sql
Switching to SQL mode... Commands end with ;
 MySQL  SQL > \connect --mc root@localhost
Creating a Classic session to 'root@localhost'
Fetching global names for auto-completion... Press ^C to stop.
Your MySQL connection id is 9
Server version: 8.0.39 MySQL Community Server - GPL
No default schema selected; type \use <schema> to set one.
 MySQL  localhost:3306 ssl  SQL > show databases;
+--------------------+
| Database           |
+--------------------+
| company            |
| information_schema |
| mysql              |
| performance_schema |
| sakila             |
| sys                |
| tbd_e1             |
| world              |
+--------------------+
8 rows in set (0.0031 sec)
 MySQL  localhost:3306 ssl  SQL > create database tbd_e2;
Query OK, 1 row affected (0.0122 sec)
 MySQL  localhost:3306 ssl  SQL > use tbd_e2;
Default schema set to `tbd_e2`.
Fetching global names, object names from `tbd_e2` for auto-completion... Press ^C to stop.
 MySQL  localhost:3306 ssl  tbd_e2  SQL > create table cliente(
                                       -> id int key auto_increment,
                                       -> nombre varchar(50) not null,
                                       -> apellidos varchar(50) not null,
                                       -> rfc varchar(13) not null);
Query OK, 0 rows affected (0.0430 sec)
 MySQL  localhost:3306 ssl  tbd_e2  SQL > desc clientes;
ERROR: 1146 (42S02): Table 'tbd_e2.clientes' doesn't exist
 MySQL  localhost:3306 ssl  tbd_e2  SQL > desc cliente;
+-----------+-------------+------+-----+---------+----------------+
| Field     | Type        | Null | Key | Default | Extra          |
+-----------+-------------+------+-----+---------+----------------+
| id        | int         | NO   | PRI | NULL    | auto_increment |
| nombre    | varchar(50) | NO   |     | NULL    |
  |
| apellidos | varchar(50) | NO   |     | NULL    |
  |
| rfc       | varchar(13) | NO   |     | NULL    |
  |
+-----------+-------------+------+-----+---------+----------------+
4 rows in set (0.0110 sec)
 MySQL  localhost:3306 ssl  tbd_e2  SQL > nsert into cliente(nombre, apellidos, rfc)
                                       -> folio int key auto_increment,
                                       -> ;
ERROR: 1064 (42000): You have an error in your SQL syntax; check the manual that corresponds to your MySQL server version for the right syntax to use near 'nsert into cliente(nombre, apellidos, rfc)
folio int key auto_increment,' at line 1
 MySQL  localhost:3306 ssl  tbd_e2  SQL > insert into cliente(nombre, apellidos, rfc)
                                       -> values("Juan", "Peres", "PEXJ147852369"),
                                       -> ("Ana", "Montes", "MOXA012365478");
Query OK, 2 rows affected (0.0141 sec)

Records: 2  Duplicates: 0  Warnings: 0
 MySQL  localhost:3306 ssl  tbd_e2  SQL >  select * from cliente;
+----+--------+-----------+---------------+
| id | nombre | apellidos | rfc           |
+----+--------+-----------+---------------+
|  1 | Juan   | Peres     | PEXJ147852369 |
|  2 | Ana    | Montes    | MOXA012365478 |
+----+--------+-----------+---------------+
2 rows in set (0.0007 sec)
 MySQL  localhost:3306 ssl  tbd_e2  SQL > create table factura(
                                       -> folio int key auto_increment,
                                       -> idCliente int not null

                                       -> foreing key (idCliente)
                                       -> references cliente(id));
ERROR: 1064 (42000): You have an error in your SQL syntax; check the manual that corresponds to your MySQL server version for the right syntax to use near 'foreing key (idCliente)
references cliente(id))' at line 4
 MySQL  localhost:3306 ssl  tbd_e2  SQL > create table factura( folio int key auto_increment, idCliente int not null, foreign key (idCliente) references cliente(id));
Query OK, 0 rows affected (0.0418 sec)
 MySQL  localhost:3306 ssl  tbd_e2  SQL > insert into factura (idcliente) value(1);
Query OK, 1 row affected (0.0072 sec)
 MySQL  localhost:3306 ssl  tbd_e2  SQL > insert into factura (idcliente) value(2);
Query OK, 1 row affected (0.0060 sec)
 MySQL  localhost:3306 ssl  tbd_e2  SQL > insert into factura (idcliente) values(2), (1), (2), (1), (2);
Query OK, 5 rows affected (0.0046 sec)

Records: 5  Duplicates: 0  Warnings: 0
 MySQL  localhost:3306 ssl  tbd_e2  SQL > select * from factura;
+-------+-----------+
| folio | idCliente |
+-------+-----------+
|     1 |         1 |
|     4 |         1 |
|     6 |         1 |
|     2 |         2 |
|     3 |         2 |
|     5 |         2 |
|     7 |         2 |
+-------+-----------+
7 rows in set (0.0007 sec)
 MySQL  localhost:3306 ssl  tbd_e2  SQL > delete from factura where idcliente = 1;
Query OK, 3 rows affected (0.0072 sec)
 MySQL  localhost:3306 ssl  tbd_e2  SQL > select * from factura;

+-------+-----------+
| folio | idCliente |
+-------+-----------+
|     2 |         2 |
|     3 |         2 |
|     5 |         2 |
|     7 |         2 |
+-------+-----------+
4 rows in set (0.0008 sec)
 MySQL  localhost:3306 ssl  tbd_e2  SQL > show create table factura;
+---------+-------------------------------------------------------------------------------------------------------------------------------------------------------------------------------------------------------------------------------------------------------------------------------------------------------------------------------+
| Table   | Create Table




          |
+---------+-------------------------------------------------------------------------------------------------------------------------------------------------------------------------------------------------------------------------------------------------------------------------------------------------------------------------------+
| factura | CREATE TABLE `factura` (
  `folio` int NOT NULL AUTO_INCREMENT,
  `idCliente` int NOT NULL,
  PRIMARY KEY (`folio`),
  KEY `idCliente` (`idCliente`),
  CONSTRAINT `factura_ibfk_1` FOREIGN KEY (`idCliente`) REFERENCES `cliente` (`id`)
) ENGINE=InnoDB AUTO_INCREMENT=8 DEFAULT CHARSET=utf8mb4 COLLATE=utf8mb4_0900_ai_ci |
+---------+-------------------------------------------------------------------------------------------------------------------------------------------------------------------------------------------------------------------------------------------------------------------------------------------------------------------------------+
1 row in set (0.0030 sec)
 MySQL  localhost:3306 ssl  tbd_e2  SQL > alter table factura drop constraint factura_ibfk_1;
Query OK, 0 rows affected (0.0170 sec)

Records: 0  Duplicates: 0  Warnings: 0
 MySQL  localhost:3306 ssl  tbd_e2  SQL > show create table factura;
+---------+------------------------------------------------------------------------------------------------------------------------------------------------------------------------------------------------------------------------------------------+
| Table   | Create Table


                                                     |
+---------+------------------------------------------------------------------------------------------------------------------------------------------------------------------------------------------------------------------------------------------+
| factura | CREATE TABLE `factura` (
  `folio` int NOT NULL AUTO_INCREMENT,
  `idCliente` int NOT NULL,
  PRIMARY KEY (`folio`),
  KEY `idCliente` (`idCliente`)
) ENGINE=InnoDB AUTO_INCREMENT=8 DEFAULT CHARSET=utf8mb4 COLLATE=utf8mb4_0900_ai_ci |
+---------+------------------------------------------------------------------------------------------------------------------------------------------------------------------------------------------------------------------------------------------+
1 row in set (0.0010 sec)
 MySQL  localhost:3306 ssl  tbd_e2  SQL > insert into factura (idcliente)
                                       -> value(5);
Query OK, 1 row affected (0.0055 sec)
 MySQL  localhost:3306 ssl  tbd_e2  SQL > select * from factura;

+-------+-----------+
| folio | idCliente |
+-------+-----------+
|     2 |         2 |
|     3 |         2 |
|     5 |         2 |
|     7 |         2 |
|     8 |         5 |
+-------+-----------+
5 rows in set (0.0007 sec)
 MySQL  localhost:3306 ssl  tbd_e2  SQL >